[INFO] Scanning for projects...
[INFO] 
[INFO] -----------------< com.travelease:travelease-backend >------------------
[INFO] Building TravelEase Backend 0.0.1-SNAPSHOT
[INFO]   from pom.xml
[INFO] --------------------------------[ jar ]---------------------------------
[INFO] 
[INFO] --- clean:3.3.2:clean (default-clean) @ travelease-backend ---
[INFO] Deleting C:\6th Project\Spring Boot\backend\target
[INFO] 
[INFO] --- resources:3.3.1:resources (default-resources) @ travelease-backend ---
[INFO] Copying 1 resource from src\main\resources to target\classes
[INFO] Copying 0 resource from src\main\resources to target\classes
[INFO] 
[INFO] --- compiler:3.13.0:compile (default-compile) @ travelease-backend ---
[INFO] Recompiling the module because of changed source code.
[INFO] Compiling 34 source files with javac [debug parameters release 17] to target\classes
[INFO] /C:/6th Project/Spring Boot/backend/src/main/java/com/travelease/util/JwtUtil.java: C:\6th Project\Spring Boot\backend\src\main\java\com\travelease\util\JwtUtil.java uses unchecked or unsafe operations.
[INFO] /C:/6th Project/Spring Boot/backend/src/main/java/com/travelease/util/JwtUtil.java: Recompile with -Xlint:unchecked for details.
[INFO] ------------------------------------------------------------------------
[INFO] BUILD SUCCESS
[INFO] ------------------------------------------------------------------------
[INFO] Total time:  4.927 s
[INFO] Finished at: 2026-01-09T22:47:35+05:30
[INFO] ------------------------------------------------------------------------
